#!/bin/bash
# man githooks: prepare-commit-msg

# echo "args $*"

file="$1"
kind="$2"

issue=$(git branch --show-current 2>&- | grep -oE '^([A-Z]+)-\d+' || true)

case "$kind" in
	# git commit -m <message>
	# Use the given <msg> as the commit message. If multiple
	# -m options are given, their values are concatenated as
	# separate paragraphs.
	message) [[ -n "$issue" ]] && echo "$issue $(<"$file")" > "$file" ;;

	# git commit -t <template-file>
	# When editing the commit message, start the editor with the
	# contents in the given file. The commit.template configuration
	# variable is often used to give this option implicitly to the
	# command.
	template) ;;

	# git merge
	merge) ;;

	# git commit --squash <commit>
	# Construct a commit message for use with rebase --autosquash.
	# The commit message subject line is taken from the specified
	# commit with a prefix of "squash! ".
	#
	# git rebase
	squash) ;;

	# git commit -c
	# Take an existing commit object, and reuse the log message and
	# the authorship information (including the timestamp) when
	# creating the commit.
	#
	# git commit -C
	# Like -C, but with -c the editor is invoked, so that the user
	# can further edit the commit message.
	#
	# git commit --amend
	commit) ;;

	# git commit
	*)
		previous=$(git log -n 1 --format='%s' --no-merges head 2>&- || true)
		pissue=$(echo "$previous" | grep -oE '^([A-Z]+)-\d+' || true)

		# echo "issue $issue"
		# echo "previous $previous"
		# echo "pissue $pissue"

		if [[ -n "$issue" && -z "$pissue" ]]; then
			# echo "####2"
			echo "$issue $(<"$file")" > "$file"
			exit 0
		fi

		# if [[ -n "$pissue" && "$pissue" == "$issue" ]]; then
			# echo "####1"
			echo "$previous$(<"$file")" > "$file"
			# exit 0
		# fi

		# echo "####3"
		;;
esac

# git commit -v

# ------------------------ >8 ------------------------
# Do not modify or remove the line above.
# Everything below it will be ignored.


# git commit

# Please enter the commit message for your changes. Lines starting
# with '#' will be ignored, and an empty message aborts the commit.
#
# On branch master
# Changes to be committed:
#	new file:   a1
#
